15:23:47 **** Build of configuration Debug for project LTDC_Display_1Layer ****
make -j12 all 
arm-none-eabi-gcc "C:/workspace/Elektrotechnik/6. Semester/Prozessortechnik/BPM-Detection/LTDC_Display_1Layer/Src/main.c" -mcpu=cortex-m7 -std=gnu11 -g3 -DUSE_HAL_DRIVER -DSTM32F756xx -DUSE_STM32746G_DISCOVERY -c -I../../../Inc -I../../../Drivers/CMSIS/Device/ST/STM32F7xx/Include -I../../../Drivers/STM32F7xx_HAL_Driver/Inc -I../../../Drivers/BSP/STM32746G-Discovery -I../../../Drivers/BSP/Components/Common -I../../../Utilities/Log -I../../../Utilities/Fonts -I../../../Utilities/CPU -I../../../Drivers/CMSIS/Include -Os -ffunction-sections -Wall -fstack-usage -fcyclomatic-complexity -MMD -MP -MF"Example/User/main.d" -MT"Example/User/main.o" --specs=nano.specs -mfpu=fpv5-sp-d16 -mfloat-abi=hard -mthumb -o "Example/User/main.o"
arm-none-eabi-gcc "C:/workspace/Elektrotechnik/6. Semester/Prozessortechnik/BPM-Detection/LTDC_Display_1Layer/Src/stm32f7xx_hal_msp.c" -mcpu=cortex-m7 -std=gnu11 -g3 -DUSE_HAL_DRIVER -DSTM32F756xx -DUSE_STM32746G_DISCOVERY -c -I../../../Inc -I../../../Drivers/CMSIS/Device/ST/STM32F7xx/Include -I../../../Drivers/STM32F7xx_HAL_Driver/Inc -I../../../Drivers/BSP/STM32746G-Discovery -I../../../Drivers/BSP/Components/Common -I../../../Utilities/Log -I../../../Utilities/Fonts -I../../../Utilities/CPU -I../../../Drivers/CMSIS/Include -Os -ffunction-sections -Wall -fstack-usage -fcyclomatic-complexity -MMD -MP -MF"Example/User/stm32f7xx_hal_msp.d" -MT"Example/User/stm32f7xx_hal_msp.o" --specs=nano.specs -mfpu=fpv5-sp-d16 -mfloat-abi=hard -mthumb -o "Example/User/stm32f7xx_hal_msp.o"
arm-none-eabi-gcc "C:/workspace/Elektrotechnik/6. Semester/Prozessortechnik/BPM-Detection/LTDC_Display_1Layer/Src/stm32f7xx_it.c" -mcpu=cortex-m7 -std=gnu11 -g3 -DUSE_HAL_DRIVER -DSTM32F756xx -DUSE_STM32746G_DISCOVERY -c -I../../../Inc -I../../../Drivers/CMSIS/Device/ST/STM32F7xx/Include -I../../../Drivers/STM32F7xx_HAL_Driver/Inc -I../../../Drivers/BSP/STM32746G-Discovery -I../../../Drivers/BSP/Components/Common -I../../../Utilities/Log -I../../../Utilities/Fonts -I../../../Utilities/CPU -I../../../Drivers/CMSIS/Include -Os -ffunction-sections -Wall -fstack-usage -fcyclomatic-complexity -MMD -MP -MF"Example/User/stm32f7xx_it.d" -MT"Example/User/stm32f7xx_it.o" --specs=nano.specs -mfpu=fpv5-sp-d16 -mfloat-abi=hard -mthumb -o "Example/User/stm32f7xx_it.o"
arm-none-eabi-gcc -mcpu=cortex-m7 -g3 -c -x assembler-with-cpp -MMD -MP -MF"Example/SW4STM32/startup_stm32f746xx.d" -MT"Example/SW4STM32/startup_stm32f746xx.o" --specs=nano.specs -mfpu=fpv5-sp-d16 -mfloat-abi=hard -mthumb -o "Example/SW4STM32/startup_stm32f746xx.o" "C:/workspace/Elektrotechnik/6. Semester/Prozessortechnik/BPM-Detection/LTDC_Display_1Layer/SW4STM32/startup_stm32f746xx.s"
arm-none-eabi-gcc "C:/workspace/Elektrotechnik/6. Semester/Prozessortechnik/BPM-Detection/LTDC_Display_1Layer/SW4STM32/syscalls.c" -mcpu=cortex-m7 -std=gnu11 -g3 -DUSE_HAL_DRIVER -DSTM32F756xx -DUSE_STM32746G_DISCOVERY -c -I../../../Inc -I../../../Drivers/CMSIS/Device/ST/STM32F7xx/Include -I../../../Drivers/STM32F7xx_HAL_Driver/Inc -I../../../Drivers/BSP/STM32746G-Discovery -I../../../Drivers/BSP/Components/Common -I../../../Utilities/Log -I../../../Utilities/Fonts -I../../../Utilities/CPU -I../../../Drivers/CMSIS/Include -Os -ffunction-sections -Wall -fstack-usage -fcyclomatic-complexity -MMD -MP -MF"Example/SW4STM32/syscalls.d" -MT"Example/SW4STM32/syscalls.o" --specs=nano.specs -mfpu=fpv5-sp-d16 -mfloat-abi=hard -mthumb -o "Example/SW4STM32/syscalls.o"
arm-none-eabi-gcc "C:/workspace/Elektrotechnik/6. Semester/Prozessortechnik/BPM-Detection/LTDC_Display_1Layer/Drivers/STM32F7xx_HAL_Driver/Src/stm32f7xx_hal.c" -mcpu=cortex-m7 -std=gnu11 -g3 -DUSE_HAL_DRIVER -DSTM32F756xx -DUSE_STM32746G_DISCOVERY -c -I../../../Inc -I../../../Drivers/CMSIS/Device/ST/STM32F7xx/Include -I../../../Drivers/STM32F7xx_HAL_Driver/Inc -I../../../Drivers/BSP/STM32746G-Discovery -I../../../Drivers/BSP/Components/Common -I../../../Utilities/Log -I../../../Utilities/Fonts -I../../../Utilities/CPU -I../../../Drivers/CMSIS/Include -Os -ffunction-sections -Wall -fstack-usage -fcyclomatic-complexity -MMD -MP -MF"Drivers/STM32F7xx_HAL_Driver/stm32f7xx_hal.d" -MT"Drivers/STM32F7xx_HAL_Driver/stm32f7xx_hal.o" --specs=nano.specs -mfpu=fpv5-sp-d16 -mfloat-abi=hard -mthumb -o "Drivers/STM32F7xx_HAL_Driver/stm32f7xx_hal.o"
arm-none-eabi-gcc "C:/workspace/Elektrotechnik/6. Semester/Prozessortechnik/BPM-Detection/LTDC_Display_1Layer/Drivers/STM32F7xx_HAL_Driver/Src/stm32f7xx_hal_cortex.c" -mcpu=cortex-m7 -std=gnu11 -g3 -DUSE_HAL_DRIVER -DSTM32F756xx -DUSE_STM32746G_DISCOVERY -c -I../../../Inc -I../../../Drivers/CMSIS/Device/ST/STM32F7xx/Include -I../../../Drivers/STM32F7xx_HAL_Driver/Inc -I../../../Drivers/BSP/STM32746G-Discovery -I../../../Drivers/BSP/Components/Common -I../../../Utilities/Log -I../../../Utilities/Fonts -I../../../Utilities/CPU -I../../../Drivers/CMSIS/Include -Os -ffunction-sections -Wall -fstack-usage -fcyclomatic-complexity -MMD -MP -MF"Drivers/STM32F7xx_HAL_Driver/stm32f7xx_hal_cortex.d" -MT"Drivers/STM32F7xx_HAL_Driver/stm32f7xx_hal_cortex.o" --specs=nano.specs -mfpu=fpv5-sp-d16 -mfloat-abi=hard -mthumb -o "Drivers/STM32F7xx_HAL_Driver/stm32f7xx_hal_cortex.o"
arm-none-eabi-gcc "C:/workspace/Elektrotechnik/6. Semester/Prozessortechnik/BPM-Detection/LTDC_Display_1Layer/Drivers/STM32F7xx_HAL_Driver/Src/stm32f7xx_hal_dma.c" -mcpu=cortex-m7 -std=gnu11 -g3 -DUSE_HAL_DRIVER -DSTM32F756xx -DUSE_STM32746G_DISCOVERY -c -I../../../Inc -I../../../Drivers/CMSIS/Device/ST/STM32F7xx/Include -I../../../Drivers/STM32F7xx_HAL_Driver/Inc -I../../../Drivers/BSP/STM32746G-Discovery -I../../../Drivers/BSP/Components/Common -I../../../Utilities/Log -I../../../Utilities/Fonts -I../../../Utilities/CPU -I../../../Drivers/CMSIS/Include -Os -ffunction-sections -Wall -fstack-usage -fcyclomatic-complexity -MMD -MP -MF"Drivers/STM32F7xx_HAL_Driver/stm32f7xx_hal_dma.d" -MT"Drivers/STM32F7xx_HAL_Driver/stm32f7xx_hal_dma.o" --specs=nano.specs -mfpu=fpv5-sp-d16 -mfloat-abi=hard -mthumb -o "Drivers/STM32F7xx_HAL_Driver/stm32f7xx_hal_dma.o"
arm-none-eabi-gcc "C:/workspace/Elektrotechnik/6. Semester/Prozessortechnik/BPM-Detection/LTDC_Display_1Layer/Drivers/STM32F7xx_HAL_Driver/Src/stm32f7xx_hal_gpio.c" -mcpu=cortex-m7 -std=gnu11 -g3 -DUSE_HAL_DRIVER -DSTM32F756xx -DUSE_STM32746G_DISCOVERY -c -I../../../Inc -I../../../Drivers/CMSIS/Device/ST/STM32F7xx/Include -I../../../Drivers/STM32F7xx_HAL_Driver/Inc -I../../../Drivers/BSP/STM32746G-Discovery -I../../../Drivers/BSP/Components/Common -I../../../Utilities/Log -I../../../Utilities/Fonts -I../../../Utilities/CPU -I../../../Drivers/CMSIS/Include -Os -ffunction-sections -Wall -fstack-usage -fcyclomatic-complexity -MMD -MP -MF"Drivers/STM32F7xx_HAL_Driver/stm32f7xx_hal_gpio.d" -MT"Drivers/STM32F7xx_HAL_Driver/stm32f7xx_hal_gpio.o" --specs=nano.specs -mfpu=fpv5-sp-d16 -mfloat-abi=hard -mthumb -o "Drivers/STM32F7xx_HAL_Driver/stm32f7xx_hal_gpio.o"
arm-none-eabi-gcc "C:/workspace/Elektrotechnik/6. Semester/Prozessortechnik/BPM-Detection/LTDC_Display_1Layer/Drivers/STM32F7xx_HAL_Driver/Src/stm32f7xx_hal_i2c.c" -mcpu=cortex-m7 -std=gnu11 -g3 -DUSE_HAL_DRIVER -DSTM32F756xx -DUSE_STM32746G_DISCOVERY -c -I../../../Inc -I../../../Drivers/CMSIS/Device/ST/STM32F7xx/Include -I../../../Drivers/STM32F7xx_HAL_Driver/Inc -I../../../Drivers/BSP/STM32746G-Discovery -I../../../Drivers/BSP/Components/Common -I../../../Utilities/Log -I../../../Utilities/Fonts -I../../../Utilities/CPU -I../../../Drivers/CMSIS/Include -Os -ffunction-sections -Wall -fstack-usage -fcyclomatic-complexity -MMD -MP -MF"Drivers/STM32F7xx_HAL_Driver/stm32f7xx_hal_i2c.d" -MT"Drivers/STM32F7xx_HAL_Driver/stm32f7xx_hal_i2c.o" --specs=nano.specs -mfpu=fpv5-sp-d16 -mfloat-abi=hard -mthumb -o "Drivers/STM32F7xx_HAL_Driver/stm32f7xx_hal_i2c.o"
arm-none-eabi-gcc "C:/workspace/Elektrotechnik/6. Semester/Prozessortechnik/BPM-Detection/LTDC_Display_1Layer/Drivers/STM32F7xx_HAL_Driver/Src/stm32f7xx_hal_i2c_ex.c" -mcpu=cortex-m7 -std=gnu11 -g3 -DUSE_HAL_DRIVER -DSTM32F756xx -DUSE_STM32746G_DISCOVERY -c -I../../../Inc -I../../../Drivers/CMSIS/Device/ST/STM32F7xx/Include -I../../../Drivers/STM32F7xx_HAL_Driver/Inc -I../../../Drivers/BSP/STM32746G-Discovery -I../../../Drivers/BSP/Components/Common -I../../../Utilities/Log -I../../../Utilities/Fonts -I../../../Utilities/CPU -I../../../Drivers/CMSIS/Include -Os -ffunction-sections -Wall -fstack-usage -fcyclomatic-complexity -MMD -MP -MF"Drivers/STM32F7xx_HAL_Driver/stm32f7xx_hal_i2c_ex.d" -MT"Drivers/STM32F7xx_HAL_Driver/stm32f7xx_hal_i2c_ex.o" --specs=nano.specs -mfpu=fpv5-sp-d16 -mfloat-abi=hard -mthumb -o "Drivers/STM32F7xx_HAL_Driver/stm32f7xx_hal_i2c_ex.o"
arm-none-eabi-gcc "C:/workspace/Elektrotechnik/6. Semester/Prozessortechnik/BPM-Detection/LTDC_Display_1Layer/Drivers/STM32F7xx_HAL_Driver/Src/stm32f7xx_hal_ltdc.c" -mcpu=cortex-m7 -std=gnu11 -g3 -DUSE_HAL_DRIVER -DSTM32F756xx -DUSE_STM32746G_DISCOVERY -c -I../../../Inc -I../../../Drivers/CMSIS/Device/ST/STM32F7xx/Include -I../../../Drivers/STM32F7xx_HAL_Driver/Inc -I../../../Drivers/BSP/STM32746G-Discovery -I../../../Drivers/BSP/Components/Common -I../../../Utilities/Log -I../../../Utilities/Fonts -I../../../Utilities/CPU -I../../../Drivers/CMSIS/Include -Os -ffunction-sections -Wall -fstack-usage -fcyclomatic-complexity -MMD -MP -MF"Drivers/STM32F7xx_HAL_Driver/stm32f7xx_hal_ltdc.d" -MT"Drivers/STM32F7xx_HAL_Driver/stm32f7xx_hal_ltdc.o" --specs=nano.specs -mfpu=fpv5-sp-d16 -mfloat-abi=hard -mthumb -o "Drivers/STM32F7xx_HAL_Driver/stm32f7xx_hal_ltdc.o"
arm-none-eabi-gcc "C:/workspace/Elektrotechnik/6. Semester/Prozessortechnik/BPM-Detection/LTDC_Display_1Layer/Drivers/STM32F7xx_HAL_Driver/Src/stm32f7xx_hal_pwr.c" -mcpu=cortex-m7 -std=gnu11 -g3 -DUSE_HAL_DRIVER -DSTM32F756xx -DUSE_STM32746G_DISCOVERY -c -I../../../Inc -I../../../Drivers/CMSIS/Device/ST/STM32F7xx/Include -I../../../Drivers/STM32F7xx_HAL_Driver/Inc -I../../../Drivers/BSP/STM32746G-Discovery -I../../../Drivers/BSP/Components/Common -I../../../Utilities/Log -I../../../Utilities/Fonts -I../../../Utilities/CPU -I../../../Drivers/CMSIS/Include -Os -ffunction-sections -Wall -fstack-usage -fcyclomatic-complexity -MMD -MP -MF"Drivers/STM32F7xx_HAL_Driver/stm32f7xx_hal_pwr.d" -MT"Drivers/STM32F7xx_HAL_Driver/stm32f7xx_hal_pwr.o" --specs=nano.specs -mfpu=fpv5-sp-d16 -mfloat-abi=hard -mthumb -o "Drivers/STM32F7xx_HAL_Driver/stm32f7xx_hal_pwr.o"
arm-none-eabi-gcc "C:/workspace/Elektrotechnik/6. Semester/Prozessortechnik/BPM-Detection/LTDC_Display_1Layer/Drivers/STM32F7xx_HAL_Driver/Src/stm32f7xx_hal_pwr_ex.c" -mcpu=cortex-m7 -std=gnu11 -g3 -DUSE_HAL_DRIVER -DSTM32F756xx -DUSE_STM32746G_DISCOVERY -c -I../../../Inc -I../../../Drivers/CMSIS/Device/ST/STM32F7xx/Include -I../../../Drivers/STM32F7xx_HAL_Driver/Inc -I../../../Drivers/BSP/STM32746G-Discovery -I../../../Drivers/BSP/Components/Common -I../../../Utilities/Log -I../../../Utilities/Fonts -I../../../Utilities/CPU -I../../../Drivers/CMSIS/Include -Os -ffunction-sections -Wall -fstack-usage -fcyclomatic-complexity -MMD -MP -MF"Drivers/STM32F7xx_HAL_Driver/stm32f7xx_hal_pwr_ex.d" -MT"Drivers/STM32F7xx_HAL_Driver/stm32f7xx_hal_pwr_ex.o" --specs=nano.specs -mfpu=fpv5-sp-d16 -mfloat-abi=hard -mthumb -o "Drivers/STM32F7xx_HAL_Driver/stm32f7xx_hal_pwr_ex.o"
arm-none-eabi-gcc "C:/workspace/Elektrotechnik/6. Semester/Prozessortechnik/BPM-Detection/LTDC_Display_1Layer/Drivers/STM32F7xx_HAL_Driver/Src/stm32f7xx_hal_rcc.c" -mcpu=cortex-m7 -std=gnu11 -g3 -DUSE_HAL_DRIVER -DSTM32F756xx -DUSE_STM32746G_DISCOVERY -c -I../../../Inc -I../../../Drivers/CMSIS/Device/ST/STM32F7xx/Include -I../../../Drivers/STM32F7xx_HAL_Driver/Inc -I../../../Drivers/BSP/STM32746G-Discovery -I../../../Drivers/BSP/Components/Common -I../../../Utilities/Log -I../../../Utilities/Fonts -I../../../Utilities/CPU -I../../../Drivers/CMSIS/Include -Os -ffunction-sections -Wall -fstack-usage -fcyclomatic-complexity -MMD -MP -MF"Drivers/STM32F7xx_HAL_Driver/stm32f7xx_hal_rcc.d" -MT"Drivers/STM32F7xx_HAL_Driver/stm32f7xx_hal_rcc.o" --specs=nano.specs -mfpu=fpv5-sp-d16 -mfloat-abi=hard -mthumb -o "Drivers/STM32F7xx_HAL_Driver/stm32f7xx_hal_rcc.o"
arm-none-eabi-gcc "C:/workspace/Elektrotechnik/6. Semester/Prozessortechnik/BPM-Detection/LTDC_Display_1Layer/Drivers/STM32F7xx_HAL_Driver/Src/stm32f7xx_hal_rcc_ex.c" -mcpu=cortex-m7 -std=gnu11 -g3 -DUSE_HAL_DRIVER -DSTM32F756xx -DUSE_STM32746G_DISCOVERY -c -I../../../Inc -I../../../Drivers/CMSIS/Device/ST/STM32F7xx/Include -I../../../Drivers/STM32F7xx_HAL_Driver/Inc -I../../../Drivers/BSP/STM32746G-Discovery -I../../../Drivers/BSP/Components/Common -I../../../Utilities/Log -I../../../Utilities/Fonts -I../../../Utilities/CPU -I../../../Drivers/CMSIS/Include -Os -ffunction-sections -Wall -fstack-usage -fcyclomatic-complexity -MMD -MP -MF"Drivers/STM32F7xx_HAL_Driver/stm32f7xx_hal_rcc_ex.d" -MT"Drivers/STM32F7xx_HAL_Driver/stm32f7xx_hal_rcc_ex.o" --specs=nano.specs -mfpu=fpv5-sp-d16 -mfloat-abi=hard -mthumb -o "Drivers/STM32F7xx_HAL_Driver/stm32f7xx_hal_rcc_ex.o"
arm-none-eabi-gcc "C:/workspace/Elektrotechnik/6. Semester/Prozessortechnik/BPM-Detection/LTDC_Display_1Layer/Drivers/STM32F7xx_HAL_Driver/Src/stm32f7xx_hal_sdram.c" -mcpu=cortex-m7 -std=gnu11 -g3 -DUSE_HAL_DRIVER -DSTM32F756xx -DUSE_STM32746G_DISCOVERY -c -I../../../Inc -I../../../Drivers/CMSIS/Device/ST/STM32F7xx/Include -I../../../Drivers/STM32F7xx_HAL_Driver/Inc -I../../../Drivers/BSP/STM32746G-Discovery -I../../../Drivers/BSP/Components/Common -I../../../Utilities/Log -I../../../Utilities/Fonts -I../../../Utilities/CPU -I../../../Drivers/CMSIS/Include -Os -ffunction-sections -Wall -fstack-usage -fcyclomatic-complexity -MMD -MP -MF"Drivers/STM32F7xx_HAL_Driver/stm32f7xx_hal_sdram.d" -MT"Drivers/STM32F7xx_HAL_Driver/stm32f7xx_hal_sdram.o" --specs=nano.specs -mfpu=fpv5-sp-d16 -mfloat-abi=hard -mthumb -o "Drivers/STM32F7xx_HAL_Driver/stm32f7xx_hal_sdram.o"
arm-none-eabi-gcc "C:/workspace/Elektrotechnik/6. Semester/Prozessortechnik/BPM-Detection/LTDC_Display_1Layer/Drivers/STM32F7xx_HAL_Driver/Src/stm32f7xx_hal_uart.c" -mcpu=cortex-m7 -std=gnu11 -g3 -DUSE_HAL_DRIVER -DSTM32F756xx -DUSE_STM32746G_DISCOVERY -c -I../../../Inc -I../../../Drivers/CMSIS/Device/ST/STM32F7xx/Include -I../../../Drivers/STM32F7xx_HAL_Driver/Inc -I../../../Drivers/BSP/STM32746G-Discovery -I../../../Drivers/BSP/Components/Common -I../../../Utilities/Log -I../../../Utilities/Fonts -I../../../Utilities/CPU -I../../../Drivers/CMSIS/Include -Os -ffunction-sections -Wall -fstack-usage -fcyclomatic-complexity -MMD -MP -MF"Drivers/STM32F7xx_HAL_Driver/stm32f7xx_hal_uart.d" -MT"Drivers/STM32F7xx_HAL_Driver/stm32f7xx_hal_uart.o" --specs=nano.specs -mfpu=fpv5-sp-d16 -mfloat-abi=hard -mthumb -o "Drivers/STM32F7xx_HAL_Driver/stm32f7xx_hal_uart.o"
arm-none-eabi-gcc "C:/workspace/Elektrotechnik/6. Semester/Prozessortechnik/BPM-Detection/LTDC_Display_1Layer/Drivers/STM32F7xx_HAL_Driver/Src/stm32f7xx_ll_fmc.c" -mcpu=cortex-m7 -std=gnu11 -g3 -DUSE_HAL_DRIVER -DSTM32F756xx -DUSE_STM32746G_DISCOVERY -c -I../../../Inc -I../../../Drivers/CMSIS/Device/ST/STM32F7xx/Include -I../../../Drivers/STM32F7xx_HAL_Driver/Inc -I../../../Drivers/BSP/STM32746G-Discovery -I../../../Drivers/BSP/Components/Common -I../../../Utilities/Log -I../../../Utilities/Fonts -I../../../Utilities/CPU -I../../../Drivers/CMSIS/Include -Os -ffunction-sections -Wall -fstack-usage -fcyclomatic-complexity -MMD -MP -MF"Drivers/STM32F7xx_HAL_Driver/stm32f7xx_ll_fmc.d" -MT"Drivers/STM32F7xx_HAL_Driver/stm32f7xx_ll_fmc.o" --specs=nano.specs -mfpu=fpv5-sp-d16 -mfloat-abi=hard -mthumb -o "Drivers/STM32F7xx_HAL_Driver/stm32f7xx_ll_fmc.o"
arm-none-eabi-gcc "C:/workspace/Elektrotechnik/6. Semester/Prozessortechnik/BPM-Detection/LTDC_Display_1Layer/Src/system_stm32f7xx.c" -mcpu=cortex-m7 -std=gnu11 -g3 -DUSE_HAL_DRIVER -DSTM32F756xx -DUSE_STM32746G_DISCOVERY -c -I../../../Inc -I../../../Drivers/CMSIS/Device/ST/STM32F7xx/Include -I../../../Drivers/STM32F7xx_HAL_Driver/Inc -I../../../Drivers/BSP/STM32746G-Discovery -I../../../Drivers/BSP/Components/Common -I../../../Utilities/Log -I../../../Utilities/Fonts -I../../../Utilities/CPU -I../../../Drivers/CMSIS/Include -Os -ffunction-sections -Wall -fstack-usage -fcyclomatic-complexity -MMD -MP -MF"Drivers/CMSIS/system_stm32f7xx.d" -MT"Drivers/CMSIS/system_stm32f7xx.o" --specs=nano.specs -mfpu=fpv5-sp-d16 -mfloat-abi=hard -mthumb -o "Drivers/CMSIS/system_stm32f7xx.o"
arm-none-eabi-gcc "C:/workspace/Elektrotechnik/6. Semester/Prozessortechnik/BPM-Detection/LTDC_Display_1Layer/Drivers/BSP/STM32746G-Discovery/stm32746g_discovery.c" -mcpu=cortex-m7 -std=gnu11 -g3 -DUSE_HAL_DRIVER -DSTM32F756xx -DUSE_STM32746G_DISCOVERY -c -I../../../Inc -I../../../Drivers/CMSIS/Device/ST/STM32F7xx/Include -I../../../Drivers/STM32F7xx_HAL_Driver/Inc -I../../../Drivers/BSP/STM32746G-Discovery -I../../../Drivers/BSP/Components/Common -I../../../Utilities/Log -I../../../Utilities/Fonts -I../../../Utilities/CPU -I../../../Drivers/CMSIS/Include -Os -ffunction-sections -Wall -fstack-usage -fcyclomatic-complexity -MMD -MP -MF"Drivers/BSP/STM32746G-Discovery/stm32746g_discovery.d" -MT"Drivers/BSP/STM32746G-Discovery/stm32746g_discovery.o" --specs=nano.specs -mfpu=fpv5-sp-d16 -mfloat-abi=hard -mthumb -o "Drivers/BSP/STM32746G-Discovery/stm32746g_discovery.o"
arm-none-eabi-gcc -o "STM32746G_DISCOVERY.elf" @"objects.list"   -mcpu=cortex-m7 -T"../STM32F746NGHx_FLASH.ld" --specs=nosys.specs -Wl,-Map="STM32746G_DISCOVERY.map" -Wl,--gc-sections -static --specs=nano.specs -mfpu=fpv5-sp-d16 -mfloat-abi=hard -mthumb -Wl,--start-group -lc -lm -Wl,--end-group
C:/ST/STM32CubeIDE_1.18.1/STM32CubeIDE/plugins/com.st.stm32cube.ide.mcu.externaltools.gnu-tools-for-stm32.13.3.rel1.win32_1.0.0.202411081344/tools/bin/../lib/gcc/arm-none-eabi/13.3.1/../../../../arm-none-eabi/bin/ld.exe: warning: STM32746G_DISCOVERY.elf has a LOAD segment with RWX permissions
Finished building target: STM32746G_DISCOVERY.elf
 
arm-none-eabi-size  STM32746G_DISCOVERY.elf 
arm-none-eabi-objdump -h -S STM32746G_DISCOVERY.elf  > "STM32746G_DISCOVERY.list"
arm-none-eabi-objcopy  -O binary STM32746G_DISCOVERY.elf  "STM32746G_DISCOVERY.bin"
   text	   data	    bss	    dec	    hex	filename
 267740	     20	   1740	 269500	  41cbc	STM32746G_DISCOVERY.elf
Finished building: default.size.stdout
 
Finished building: STM32746G_DISCOVERY.bin
 
Finished building: STM32746G_DISCOVERY.list
 
15:37:12 **** Build of configuration Debug for project LTDC_Display_1Layer ****
make -j12 all 
arm-none-eabi-gcc "C:/workspace/Elektrotechnik/6. Semester/Prozessortechnik/BPM-Detection/LTDC_Display_1Layer/Src/main.c" -mcpu=cortex-m7 -std=gnu11 -g3 -DUSE_HAL_DRIVER -DSTM32F756xx -DUSE_STM32746G_DISCOVERY -c -I../../../Inc -I../../../Drivers/CMSIS/Device/ST/STM32F7xx/Include -I../../../Drivers/STM32F7xx_HAL_Driver/Inc -I../../../Drivers/BSP/STM32746G-Discovery -I../../../Drivers/BSP/Components/Common -I../../../Utilities/Log -I../../../Utilities/Fonts -I../../../Utilities/CPU -I../../../Drivers/CMSIS/Include -Os -ffunction-sections -Wall -fstack-usage -fcyclomatic-complexity -MMD -MP -MF"Example/User/main.d" -MT"Example/User/main.o" --specs=nano.specs -mfpu=fpv5-sp-d16 -mfloat-abi=hard -mthumb -o "Example/User/main.o"
arm-none-eabi-gcc "C:/workspace/Elektrotechnik/6. Semester/Prozessortechnik/BPM-Detection/LTDC_Display_1Layer/Src/stm32f7xx_hal_msp.c" -mcpu=cortex-m7 -std=gnu11 -g3 -DUSE_HAL_DRIVER -DSTM32F756xx -DUSE_STM32746G_DISCOVERY -c -I../../../Inc -I../../../Drivers/CMSIS/Device/ST/STM32F7xx/Include -I../../../Drivers/STM32F7xx_HAL_Driver/Inc -I../../../Drivers/BSP/STM32746G-Discovery -I../../../Drivers/BSP/Components/Common -I../../../Utilities/Log -I../../../Utilities/Fonts -I../../../Utilities/CPU -I../../../Drivers/CMSIS/Include -Os -ffunction-sections -Wall -fstack-usage -fcyclomatic-complexity -MMD -MP -MF"Example/User/stm32f7xx_hal_msp.d" -MT"Example/User/stm32f7xx_hal_msp.o" --specs=nano.specs -mfpu=fpv5-sp-d16 -mfloat-abi=hard -mthumb -o "Example/User/stm32f7xx_hal_msp.o"
arm-none-eabi-gcc "C:/workspace/Elektrotechnik/6. Semester/Prozessortechnik/BPM-Detection/LTDC_Display_1Layer/Src/stm32f7xx_it.c" -mcpu=cortex-m7 -std=gnu11 -g3 -DUSE_HAL_DRIVER -DSTM32F756xx -DUSE_STM32746G_DISCOVERY -c -I../../../Inc -I../../../Drivers/CMSIS/Device/ST/STM32F7xx/Include -I../../../Drivers/STM32F7xx_HAL_Driver/Inc -I../../../Drivers/BSP/STM32746G-Discovery -I../../../Drivers/BSP/Components/Common -I../../../Utilities/Log -I../../../Utilities/Fonts -I../../../Utilities/CPU -I../../../Drivers/CMSIS/Include -Os -ffunction-sections -Wall -fstack-usage -fcyclomatic-complexity -MMD -MP -MF"Example/User/stm32f7xx_it.d" -MT"Example/User/stm32f7xx_it.o" --specs=nano.specs -mfpu=fpv5-sp-d16 -mfloat-abi=hard -mthumb -o "Example/User/stm32f7xx_it.o"
arm-none-eabi-gcc -mcpu=cortex-m7 -g3 -c -x assembler-with-cpp -MMD -MP -MF"Example/SW4STM32/startup_stm32f746xx.d" -MT"Example/SW4STM32/startup_stm32f746xx.o" --specs=nano.specs -mfpu=fpv5-sp-d16 -mfloat-abi=hard -mthumb -o "Example/SW4STM32/startup_stm32f746xx.o" "C:/workspace/Elektrotechnik/6. Semester/Prozessortechnik/BPM-Detection/LTDC_Display_1Layer/SW4STM32/startup_stm32f746xx.s"
arm-none-eabi-gcc "C:/workspace/Elektrotechnik/6. Semester/Prozessortechnik/BPM-Detection/LTDC_Display_1Layer/SW4STM32/syscalls.c" -mcpu=cortex-m7 -std=gnu11 -g3 -DUSE_HAL_DRIVER -DSTM32F756xx -DUSE_STM32746G_DISCOVERY -c -I../../../Inc -I../../../Drivers/CMSIS/Device/ST/STM32F7xx/Include -I../../../Drivers/STM32F7xx_HAL_Driver/Inc -I../../../Drivers/BSP/STM32746G-Discovery -I../../../Drivers/BSP/Components/Common -I../../../Utilities/Log -I../../../Utilities/Fonts -I../../../Utilities/CPU -I../../../Drivers/CMSIS/Include -Os -ffunction-sections -Wall -fstack-usage -fcyclomatic-complexity -MMD -MP -MF"Example/SW4STM32/syscalls.d" -MT"Example/SW4STM32/syscalls.o" --specs=nano.specs -mfpu=fpv5-sp-d16 -mfloat-abi=hard -mthumb -o "Example/SW4STM32/syscalls.o"
arm-none-eabi-gcc "C:/workspace/Elektrotechnik/6. Semester/Prozessortechnik/BPM-Detection/LTDC_Display_1Layer/Drivers/STM32F7xx_HAL_Driver/Src/stm32f7xx_hal.c" -mcpu=cortex-m7 -std=gnu11 -g3 -DUSE_HAL_DRIVER -DSTM32F756xx -DUSE_STM32746G_DISCOVERY -c -I../../../Inc -I../../../Drivers/CMSIS/Device/ST/STM32F7xx/Include -I../../../Drivers/STM32F7xx_HAL_Driver/Inc -I../../../Drivers/BSP/STM32746G-Discovery -I../../../Drivers/BSP/Components/Common -I../../../Utilities/Log -I../../../Utilities/Fonts -I../../../Utilities/CPU -I../../../Drivers/CMSIS/Include -Os -ffunction-sections -Wall -fstack-usage -fcyclomatic-complexity -MMD -MP -MF"Drivers/STM32F7xx_HAL_Driver/stm32f7xx_hal.d" -MT"Drivers/STM32F7xx_HAL_Driver/stm32f7xx_hal.o" --specs=nano.specs -mfpu=fpv5-sp-d16 -mfloat-abi=hard -mthumb -o "Drivers/STM32F7xx_HAL_Driver/stm32f7xx_hal.o"
arm-none-eabi-gcc "C:/workspace/Elektrotechnik/6. Semester/Prozessortechnik/BPM-Detection/LTDC_Display_1Layer/Drivers/STM32F7xx_HAL_Driver/Src/stm32f7xx_hal_cortex.c" -mcpu=cortex-m7 -std=gnu11 -g3 -DUSE_HAL_DRIVER -DSTM32F756xx -DUSE_STM32746G_DISCOVERY -c -I../../../Inc -I../../../Drivers/CMSIS/Device/ST/STM32F7xx/Include -I../../../Drivers/STM32F7xx_HAL_Driver/Inc -I../../../Drivers/BSP/STM32746G-Discovery -I../../../Drivers/BSP/Components/Common -I../../../Utilities/Log -I../../../Utilities/Fonts -I../../../Utilities/CPU -I../../../Drivers/CMSIS/Include -Os -ffunction-sections -Wall -fstack-usage -fcyclomatic-complexity -MMD -MP -MF"Drivers/STM32F7xx_HAL_Driver/stm32f7xx_hal_cortex.d" -MT"Drivers/STM32F7xx_HAL_Driver/stm32f7xx_hal_cortex.o" --specs=nano.specs -mfpu=fpv5-sp-d16 -mfloat-abi=hard -mthumb -o "Drivers/STM32F7xx_HAL_Driver/stm32f7xx_hal_cortex.o"
arm-none-eabi-gcc "C:/workspace/Elektrotechnik/6. Semester/Prozessortechnik/BPM-Detection/LTDC_Display_1Layer/Drivers/STM32F7xx_HAL_Driver/Src/stm32f7xx_hal_dma.c" -mcpu=cortex-m7 -std=gnu11 -g3 -DUSE_HAL_DRIVER -DSTM32F756xx -DUSE_STM32746G_DISCOVERY -c -I../../../Inc -I../../../Drivers/CMSIS/Device/ST/STM32F7xx/Include -I../../../Drivers/STM32F7xx_HAL_Driver/Inc -I../../../Drivers/BSP/STM32746G-Discovery -I../../../Drivers/BSP/Components/Common -I../../../Utilities/Log -I../../../Utilities/Fonts -I../../../Utilities/CPU -I../../../Drivers/CMSIS/Include -Os -ffunction-sections -Wall -fstack-usage -fcyclomatic-complexity -MMD -MP -MF"Drivers/STM32F7xx_HAL_Driver/stm32f7xx_hal_dma.d" -MT"Drivers/STM32F7xx_HAL_Driver/stm32f7xx_hal_dma.o" --specs=nano.specs -mfpu=fpv5-sp-d16 -mfloat-abi=hard -mthumb -o "Drivers/STM32F7xx_HAL_Driver/stm32f7xx_hal_dma.o"
arm-none-eabi-gcc "C:/workspace/Elektrotechnik/6. Semester/Prozessortechnik/BPM-Detection/LTDC_Display_1Layer/Drivers/STM32F7xx_HAL_Driver/Src/stm32f7xx_hal_gpio.c" -mcpu=cortex-m7 -std=gnu11 -g3 -DUSE_HAL_DRIVER -DSTM32F756xx -DUSE_STM32746G_DISCOVERY -c -I../../../Inc -I../../../Drivers/CMSIS/Device/ST/STM32F7xx/Include -I../../../Drivers/STM32F7xx_HAL_Driver/Inc -I../../../Drivers/BSP/STM32746G-Discovery -I../../../Drivers/BSP/Components/Common -I../../../Utilities/Log -I../../../Utilities/Fonts -I../../../Utilities/CPU -I../../../Drivers/CMSIS/Include -Os -ffunction-sections -Wall -fstack-usage -fcyclomatic-complexity -MMD -MP -MF"Drivers/STM32F7xx_HAL_Driver/stm32f7xx_hal_gpio.d" -MT"Drivers/STM32F7xx_HAL_Driver/stm32f7xx_hal_gpio.o" --specs=nano.specs -mfpu=fpv5-sp-d16 -mfloat-abi=hard -mthumb -o "Drivers/STM32F7xx_HAL_Driver/stm32f7xx_hal_gpio.o"
arm-none-eabi-gcc "C:/workspace/Elektrotechnik/6. Semester/Prozessortechnik/BPM-Detection/LTDC_Display_1Layer/Drivers/STM32F7xx_HAL_Driver/Src/stm32f7xx_hal_i2c.c" -mcpu=cortex-m7 -std=gnu11 -g3 -DUSE_HAL_DRIVER -DSTM32F756xx -DUSE_STM32746G_DISCOVERY -c -I../../../Inc -I../../../Drivers/CMSIS/Device/ST/STM32F7xx/Include -I../../../Drivers/STM32F7xx_HAL_Driver/Inc -I../../../Drivers/BSP/STM32746G-Discovery -I../../../Drivers/BSP/Components/Common -I../../../Utilities/Log -I../../../Utilities/Fonts -I../../../Utilities/CPU -I../../../Drivers/CMSIS/Include -Os -ffunction-sections -Wall -fstack-usage -fcyclomatic-complexity -MMD -MP -MF"Drivers/STM32F7xx_HAL_Driver/stm32f7xx_hal_i2c.d" -MT"Drivers/STM32F7xx_HAL_Driver/stm32f7xx_hal_i2c.o" --specs=nano.specs -mfpu=fpv5-sp-d16 -mfloat-abi=hard -mthumb -o "Drivers/STM32F7xx_HAL_Driver/stm32f7xx_hal_i2c.o"
arm-none-eabi-gcc "C:/workspace/Elektrotechnik/6. Semester/Prozessortechnik/BPM-Detection/LTDC_Display_1Layer/Drivers/STM32F7xx_HAL_Driver/Src/stm32f7xx_hal_i2c_ex.c" -mcpu=cortex-m7 -std=gnu11 -g3 -DUSE_HAL_DRIVER -DSTM32F756xx -DUSE_STM32746G_DISCOVERY -c -I../../../Inc -I../../../Drivers/CMSIS/Device/ST/STM32F7xx/Include -I../../../Drivers/STM32F7xx_HAL_Driver/Inc -I../../../Drivers/BSP/STM32746G-Discovery -I../../../Drivers/BSP/Components/Common -I../../../Utilities/Log -I../../../Utilities/Fonts -I../../../Utilities/CPU -I../../../Drivers/CMSIS/Include -Os -ffunction-sections -Wall -fstack-usage -fcyclomatic-complexity -MMD -MP -MF"Drivers/STM32F7xx_HAL_Driver/stm32f7xx_hal_i2c_ex.d" -MT"Drivers/STM32F7xx_HAL_Driver/stm32f7xx_hal_i2c_ex.o" --specs=nano.specs -mfpu=fpv5-sp-d16 -mfloat-abi=hard -mthumb -o "Drivers/STM32F7xx_HAL_Driver/stm32f7xx_hal_i2c_ex.o"
arm-none-eabi-gcc "C:/workspace/Elektrotechnik/6. Semester/Prozessortechnik/BPM-Detection/LTDC_Display_1Layer/Drivers/STM32F7xx_HAL_Driver/Src/stm32f7xx_hal_ltdc.c" -mcpu=cortex-m7 -std=gnu11 -g3 -DUSE_HAL_DRIVER -DSTM32F756xx -DUSE_STM32746G_DISCOVERY -c -I../../../Inc -I../../../Drivers/CMSIS/Device/ST/STM32F7xx/Include -I../../../Drivers/STM32F7xx_HAL_Driver/Inc -I../../../Drivers/BSP/STM32746G-Discovery -I../../../Drivers/BSP/Components/Common -I../../../Utilities/Log -I../../../Utilities/Fonts -I../../../Utilities/CPU -I../../../Drivers/CMSIS/Include -Os -ffunction-sections -Wall -fstack-usage -fcyclomatic-complexity -MMD -MP -MF"Drivers/STM32F7xx_HAL_Driver/stm32f7xx_hal_ltdc.d" -MT"Drivers/STM32F7xx_HAL_Driver/stm32f7xx_hal_ltdc.o" --specs=nano.specs -mfpu=fpv5-sp-d16 -mfloat-abi=hard -mthumb -o "Drivers/STM32F7xx_HAL_Driver/stm32f7xx_hal_ltdc.o"
arm-none-eabi-gcc "C:/workspace/Elektrotechnik/6. Semester/Prozessortechnik/BPM-Detection/LTDC_Display_1Layer/Drivers/STM32F7xx_HAL_Driver/Src/stm32f7xx_hal_pwr.c" -mcpu=cortex-m7 -std=gnu11 -g3 -DUSE_HAL_DRIVER -DSTM32F756xx -DUSE_STM32746G_DISCOVERY -c -I../../../Inc -I../../../Drivers/CMSIS/Device/ST/STM32F7xx/Include -I../../../Drivers/STM32F7xx_HAL_Driver/Inc -I../../../Drivers/BSP/STM32746G-Discovery -I../../../Drivers/BSP/Components/Common -I../../../Utilities/Log -I../../../Utilities/Fonts -I../../../Utilities/CPU -I../../../Drivers/CMSIS/Include -Os -ffunction-sections -Wall -fstack-usage -fcyclomatic-complexity -MMD -MP -MF"Drivers/STM32F7xx_HAL_Driver/stm32f7xx_hal_pwr.d" -MT"Drivers/STM32F7xx_HAL_Driver/stm32f7xx_hal_pwr.o" --specs=nano.specs -mfpu=fpv5-sp-d16 -mfloat-abi=hard -mthumb -o "Drivers/STM32F7xx_HAL_Driver/stm32f7xx_hal_pwr.o"
arm-none-eabi-gcc "C:/workspace/Elektrotechnik/6. Semester/Prozessortechnik/BPM-Detection/LTDC_Display_1Layer/Drivers/STM32F7xx_HAL_Driver/Src/stm32f7xx_hal_pwr_ex.c" -mcpu=cortex-m7 -std=gnu11 -g3 -DUSE_HAL_DRIVER -DSTM32F756xx -DUSE_STM32746G_DISCOVERY -c -I../../../Inc -I../../../Drivers/CMSIS/Device/ST/STM32F7xx/Include -I../../../Drivers/STM32F7xx_HAL_Driver/Inc -I../../../Drivers/BSP/STM32746G-Discovery -I../../../Drivers/BSP/Components/Common -I../../../Utilities/Log -I../../../Utilities/Fonts -I../../../Utilities/CPU -I../../../Drivers/CMSIS/Include -Os -ffunction-sections -Wall -fstack-usage -fcyclomatic-complexity -MMD -MP -MF"Drivers/STM32F7xx_HAL_Driver/stm32f7xx_hal_pwr_ex.d" -MT"Drivers/STM32F7xx_HAL_Driver/stm32f7xx_hal_pwr_ex.o" --specs=nano.specs -mfpu=fpv5-sp-d16 -mfloat-abi=hard -mthumb -o "Drivers/STM32F7xx_HAL_Driver/stm32f7xx_hal_pwr_ex.o"
arm-none-eabi-gcc "C:/workspace/Elektrotechnik/6. Semester/Prozessortechnik/BPM-Detection/LTDC_Display_1Layer/Drivers/STM32F7xx_HAL_Driver/Src/stm32f7xx_hal_rcc.c" -mcpu=cortex-m7 -std=gnu11 -g3 -DUSE_HAL_DRIVER -DSTM32F756xx -DUSE_STM32746G_DISCOVERY -c -I../../../Inc -I../../../Drivers/CMSIS/Device/ST/STM32F7xx/Include -I../../../Drivers/STM32F7xx_HAL_Driver/Inc -I../../../Drivers/BSP/STM32746G-Discovery -I../../../Drivers/BSP/Components/Common -I../../../Utilities/Log -I../../../Utilities/Fonts -I../../../Utilities/CPU -I../../../Drivers/CMSIS/Include -Os -ffunction-sections -Wall -fstack-usage -fcyclomatic-complexity -MMD -MP -MF"Drivers/STM32F7xx_HAL_Driver/stm32f7xx_hal_rcc.d" -MT"Drivers/STM32F7xx_HAL_Driver/stm32f7xx_hal_rcc.o" --specs=nano.specs -mfpu=fpv5-sp-d16 -mfloat-abi=hard -mthumb -o "Drivers/STM32F7xx_HAL_Driver/stm32f7xx_hal_rcc.o"
arm-none-eabi-gcc "C:/workspace/Elektrotechnik/6. Semester/Prozessortechnik/BPM-Detection/LTDC_Display_1Layer/Drivers/STM32F7xx_HAL_Driver/Src/stm32f7xx_hal_rcc_ex.c" -mcpu=cortex-m7 -std=gnu11 -g3 -DUSE_HAL_DRIVER -DSTM32F756xx -DUSE_STM32746G_DISCOVERY -c -I../../../Inc -I../../../Drivers/CMSIS/Device/ST/STM32F7xx/Include -I../../../Drivers/STM32F7xx_HAL_Driver/Inc -I../../../Drivers/BSP/STM32746G-Discovery -I../../../Drivers/BSP/Components/Common -I../../../Utilities/Log -I../../../Utilities/Fonts -I../../../Utilities/CPU -I../../../Drivers/CMSIS/Include -Os -ffunction-sections -Wall -fstack-usage -fcyclomatic-complexity -MMD -MP -MF"Drivers/STM32F7xx_HAL_Driver/stm32f7xx_hal_rcc_ex.d" -MT"Drivers/STM32F7xx_HAL_Driver/stm32f7xx_hal_rcc_ex.o" --specs=nano.specs -mfpu=fpv5-sp-d16 -mfloat-abi=hard -mthumb -o "Drivers/STM32F7xx_HAL_Driver/stm32f7xx_hal_rcc_ex.o"
arm-none-eabi-gcc "C:/workspace/Elektrotechnik/6. Semester/Prozessortechnik/BPM-Detection/LTDC_Display_1Layer/Drivers/STM32F7xx_HAL_Driver/Src/stm32f7xx_hal_sdram.c" -mcpu=cortex-m7 -std=gnu11 -g3 -DUSE_HAL_DRIVER -DSTM32F756xx -DUSE_STM32746G_DISCOVERY -c -I../../../Inc -I../../../Drivers/CMSIS/Device/ST/STM32F7xx/Include -I../../../Drivers/STM32F7xx_HAL_Driver/Inc -I../../../Drivers/BSP/STM32746G-Discovery -I../../../Drivers/BSP/Components/Common -I../../../Utilities/Log -I../../../Utilities/Fonts -I../../../Utilities/CPU -I../../../Drivers/CMSIS/Include -Os -ffunction-sections -Wall -fstack-usage -fcyclomatic-complexity -MMD -MP -MF"Drivers/STM32F7xx_HAL_Driver/stm32f7xx_hal_sdram.d" -MT"Drivers/STM32F7xx_HAL_Driver/stm32f7xx_hal_sdram.o" --specs=nano.specs -mfpu=fpv5-sp-d16 -mfloat-abi=hard -mthumb -o "Drivers/STM32F7xx_HAL_Driver/stm32f7xx_hal_sdram.o"
arm-none-eabi-gcc "C:/workspace/Elektrotechnik/6. Semester/Prozessortechnik/BPM-Detection/LTDC_Display_1Layer/Drivers/STM32F7xx_HAL_Driver/Src/stm32f7xx_hal_uart.c" -mcpu=cortex-m7 -std=gnu11 -g3 -DUSE_HAL_DRIVER -DSTM32F756xx -DUSE_STM32746G_DISCOVERY -c -I../../../Inc -I../../../Drivers/CMSIS/Device/ST/STM32F7xx/Include -I../../../Drivers/STM32F7xx_HAL_Driver/Inc -I../../../Drivers/BSP/STM32746G-Discovery -I../../../Drivers/BSP/Components/Common -I../../../Utilities/Log -I../../../Utilities/Fonts -I../../../Utilities/CPU -I../../../Drivers/CMSIS/Include -Os -ffunction-sections -Wall -fstack-usage -fcyclomatic-complexity -MMD -MP -MF"Drivers/STM32F7xx_HAL_Driver/stm32f7xx_hal_uart.d" -MT"Drivers/STM32F7xx_HAL_Driver/stm32f7xx_hal_uart.o" --specs=nano.specs -mfpu=fpv5-sp-d16 -mfloat-abi=hard -mthumb -o "Drivers/STM32F7xx_HAL_Driver/stm32f7xx_hal_uart.o"
arm-none-eabi-gcc "C:/workspace/Elektrotechnik/6. Semester/Prozessortechnik/BPM-Detection/LTDC_Display_1Layer/Drivers/STM32F7xx_HAL_Driver/Src/stm32f7xx_ll_fmc.c" -mcpu=cortex-m7 -std=gnu11 -g3 -DUSE_HAL_DRIVER -DSTM32F756xx -DUSE_STM32746G_DISCOVERY -c -I../../../Inc -I../../../Drivers/CMSIS/Device/ST/STM32F7xx/Include -I../../../Drivers/STM32F7xx_HAL_Driver/Inc -I../../../Drivers/BSP/STM32746G-Discovery -I../../../Drivers/BSP/Components/Common -I../../../Utilities/Log -I../../../Utilities/Fonts -I../../../Utilities/CPU -I../../../Drivers/CMSIS/Include -Os -ffunction-sections -Wall -fstack-usage -fcyclomatic-complexity -MMD -MP -MF"Drivers/STM32F7xx_HAL_Driver/stm32f7xx_ll_fmc.d" -MT"Drivers/STM32F7xx_HAL_Driver/stm32f7xx_ll_fmc.o" --specs=nano.specs -mfpu=fpv5-sp-d16 -mfloat-abi=hard -mthumb -o "Drivers/STM32F7xx_HAL_Driver/stm32f7xx_ll_fmc.o"
arm-none-eabi-gcc "C:/workspace/Elektrotechnik/6. Semester/Prozessortechnik/BPM-Detection/LTDC_Display_1Layer/Src/system_stm32f7xx.c" -mcpu=cortex-m7 -std=gnu11 -g3 -DUSE_HAL_DRIVER -DSTM32F756xx -DUSE_STM32746G_DISCOVERY -c -I../../../Inc -I../../../Drivers/CMSIS/Device/ST/STM32F7xx/Include -I../../../Drivers/STM32F7xx_HAL_Driver/Inc -I../../../Drivers/BSP/STM32746G-Discovery -I../../../Drivers/BSP/Components/Common -I../../../Utilities/Log -I../../../Utilities/Fonts -I../../../Utilities/CPU -I../../../Drivers/CMSIS/Include -Os -ffunction-sections -Wall -fstack-usage -fcyclomatic-complexity -MMD -MP -MF"Drivers/CMSIS/system_stm32f7xx.d" -MT"Drivers/CMSIS/system_stm32f7xx.o" --specs=nano.specs -mfpu=fpv5-sp-d16 -mfloat-abi=hard -mthumb -o "Drivers/CMSIS/system_stm32f7xx.o"
arm-none-eabi-gcc "C:/workspace/Elektrotechnik/6. Semester/Prozessortechnik/BPM-Detection/LTDC_Display_1Layer/Drivers/BSP/STM32746G-Discovery/stm32746g_discovery.c" -mcpu=cortex-m7 -std=gnu11 -g3 -DUSE_HAL_DRIVER -DSTM32F756xx -DUSE_STM32746G_DISCOVERY -c -I../../../Inc -I../../../Drivers/CMSIS/Device/ST/STM32F7xx/Include -I../../../Drivers/STM32F7xx_HAL_Driver/Inc -I../../../Drivers/BSP/STM32746G-Discovery -I../../../Drivers/BSP/Components/Common -I../../../Utilities/Log -I../../../Utilities/Fonts -I../../../Utilities/CPU -I../../../Drivers/CMSIS/Include -Os -ffunction-sections -Wall -fstack-usage -fcyclomatic-complexity -MMD -MP -MF"Drivers/BSP/STM32746G-Discovery/stm32746g_discovery.d" -MT"Drivers/BSP/STM32746G-Discovery/stm32746g_discovery.o" --specs=nano.specs -mfpu=fpv5-sp-d16 -mfloat-abi=hard -mthumb -o "Drivers/BSP/STM32746G-Discovery/stm32746g_discovery.o"
arm-none-eabi-gcc -o "STM32746G_DISCOVERY.elf" @"objects.list"   -mcpu=cortex-m7 -T"../STM32F746NGHx_FLASH.ld" --specs=nosys.specs -Wl,-Map="STM32746G_DISCOVERY.map" -Wl,--gc-sections -static --specs=nano.specs -mfpu=fpv5-sp-d16 -mfloat-abi=hard -mthumb -Wl,--start-group -lc -lm -Wl,--end-group
C:/ST/STM32CubeIDE_1.18.1/STM32CubeIDE/plugins/com.st.stm32cube.ide.mcu.externaltools.gnu-tools-for-stm32.13.3.rel1.win32_1.0.0.202411081344/tools/bin/../lib/gcc/arm-none-eabi/13.3.1/../../../../arm-none-eabi/bin/ld.exe: warning: STM32746G_DISCOVERY.elf has a LOAD segment with RWX permissions
Finished building target: STM32746G_DISCOVERY.elf
 
arm-none-eabi-size  STM32746G_DISCOVERY.elf 
arm-none-eabi-objdump -h -S STM32746G_DISCOVERY.elf  > "STM32746G_DISCOVERY.list"
arm-none-eabi-objcopy  -O binary STM32746G_DISCOVERY.elf  "STM32746G_DISCOVERY.bin"
   text	   data	    bss	    dec	    hex	filename
 267740	     20	   1740	 269500	  41cbc	STM32746G_DISCOVERY.elf
Finished building: default.size.stdout
 
Finished building: STM32746G_DISCOVERY.bin
 
Finished building: STM32746G_DISCOVERY.list
 
15:37:26 **** Incremental Build of configuration Debug for project LTDC_Display_1Layer ****
make -j12 all 
arm-none-eabi-size  STM32746G_DISCOVERY.elf 
   text	   data	    bss	    dec	    hex	filename
 267740	     20	   1740	 269500	  41cbc	STM32746G_DISCOVERY.elf
Finished building: default.size.stdout
 
15:38:17 **** Incremental Build of configuration Debug for project LTDC_Display_1Layer ****
make -j12 all 
arm-none-eabi-size  STM32746G_DISCOVERY.elf 
   text	   data	    bss	    dec	    hex	filename
 267740	     20	   1740	 269500	  41cbc	STM32746G_DISCOVERY.elf
Finished building: default.size.stdout
 
15:39:39 **** Incremental Build of configuration Debug for project LTDC_Display_1Layer ****
make -j12 all 
arm-none-eabi-gcc "C:/workspace/Elektrotechnik/6. Semester/Prozessortechnik/BPM-Detection/LTDC_Display_1Layer/Src/main.c" -mcpu=cortex-m7 -std=gnu11 -g3 -DUSE_HAL_DRIVER -DSTM32F756xx -DUSE_STM32746G_DISCOVERY -c -I../../../Inc -I../../../Drivers/CMSIS/Device/ST/STM32F7xx/Include -I../../../Drivers/STM32F7xx_HAL_Driver/Inc -I../../../Drivers/BSP/STM32746G-Discovery -I../../../Drivers/BSP/Components/Common -I../../../Utilities/Log -I../../../Utilities/Fonts -I../../../Utilities/CPU -I../../../Drivers/CMSIS/Include -Os -ffunction-sections -Wall -fstack-usage -fcyclomatic-complexity -MMD -MP -MF"Example/User/main.d" -MT"Example/User/main.o" --specs=nano.specs -mfpu=fpv5-sp-d16 -mfloat-abi=hard -mthumb -o "Example/User/main.o"
arm-none-eabi-gcc -o "STM32746G_DISCOVERY.elf" @"objects.list"   -mcpu=cortex-m7 -T"../STM32F746NGHx_FLASH.ld" --specs=nosys.specs -Wl,-Map="STM32746G_DISCOVERY.map" -Wl,--gc-sections -static --specs=nano.specs -mfpu=fpv5-sp-d16 -mfloat-abi=hard -mthumb -Wl,--start-group -lc -lm -Wl,--end-group
C:/ST/STM32CubeIDE_1.18.1/STM32CubeIDE/plugins/com.st.stm32cube.ide.mcu.externaltools.gnu-tools-for-stm32.13.3.rel1.win32_1.0.0.202411081344/tools/bin/../lib/gcc/arm-none-eabi/13.3.1/../../../../arm-none-eabi/bin/ld.exe: warning: STM32746G_DISCOVERY.elf has a LOAD segment with RWX permissions
Finished building target: STM32746G_DISCOVERY.elf
 
arm-none-eabi-size  STM32746G_DISCOVERY.elf 
arm-none-eabi-objdump -h -S STM32746G_DISCOVERY.elf  > "STM32746G_DISCOVERY.list"
arm-none-eabi-objcopy  -O binary STM32746G_DISCOVERY.elf  "STM32746G_DISCOVERY.bin"
   text	   data	    bss	    dec	    hex	filename
 267824	     20	   1740	 269584	  41d10	STM32746G_DISCOVERY.elf
Finished building: default.size.stdout
 
Finished building: STM32746G_DISCOVERY.bin
 
Finished building: STM32746G_DISCOVERY.list
 
