15:39:39 **** Incremental Build of configuration Debug for project LTDC_Display_1Layer ****
make -j12 all 
arm-none-eabi-gcc "C:/workspace/Elektrotechnik/6. Semester/Prozessortechnik/BPM-Detection/LTDC_Display_1Layer/Src/main.c" -mcpu=cortex-m7 -std=gnu11 -g3 -DUSE_HAL_DRIVER -DSTM32F756xx -DUSE_STM32746G_DISCOVERY -c -I../../../Inc -I../../../Drivers/CMSIS/Device/ST/STM32F7xx/Include -I../../../Drivers/STM32F7xx_HAL_Driver/Inc -I../../../Drivers/BSP/STM32746G-Discovery -I../../../Drivers/BSP/Components/Common -I../../../Utilities/Log -I../../../Utilities/Fonts -I../../../Utilities/CPU -I../../../Drivers/CMSIS/Include -Os -ffunction-sections -Wall -fstack-usage -fcyclomatic-complexity -MMD -MP -MF"Example/User/main.d" -MT"Example/User/main.o" --specs=nano.specs -mfpu=fpv5-sp-d16 -mfloat-abi=hard -mthumb -o "Example/User/main.o"
arm-none-eabi-gcc -o "STM32746G_DISCOVERY.elf" @"objects.list"   -mcpu=cortex-m7 -T"../STM32F746NGHx_FLASH.ld" --specs=nosys.specs -Wl,-Map="STM32746G_DISCOVERY.map" -Wl,--gc-sections -static --specs=nano.specs -mfpu=fpv5-sp-d16 -mfloat-abi=hard -mthumb -Wl,--start-group -lc -lm -Wl,--end-group
C:/ST/STM32CubeIDE_1.18.1/STM32CubeIDE/plugins/com.st.stm32cube.ide.mcu.externaltools.gnu-tools-for-stm32.13.3.rel1.win32_1.0.0.202411081344/tools/bin/../lib/gcc/arm-none-eabi/13.3.1/../../../../arm-none-eabi/bin/ld.exe: warning: STM32746G_DISCOVERY.elf has a LOAD segment with RWX permissions
Finished building target: STM32746G_DISCOVERY.elf
 
arm-none-eabi-size  STM32746G_DISCOVERY.elf 
arm-none-eabi-objdump -h -S STM32746G_DISCOVERY.elf  > "STM32746G_DISCOVERY.list"
arm-none-eabi-objcopy  -O binary STM32746G_DISCOVERY.elf  "STM32746G_DISCOVERY.bin"
   text	   data	    bss	    dec	    hex	filename
 267824	     20	   1740	 269584	  41d10	STM32746G_DISCOVERY.elf
Finished building: default.size.stdout
 
Finished building: STM32746G_DISCOVERY.bin
 
Finished building: STM32746G_DISCOVERY.list
 

15:39:40 Build Finished. 0 errors, 1 warnings. (took 1s.556ms)

